'SpectralPhysics.CompositionUniqueness.kasparov_product_satisfies_three_conditions' depends on axioms: [propext,
 Classical.choice,
 Quot.sound]
'SpectralPhysics.CompositionUniqueness.kasparov_product_trace_eq_additive' depends on axioms: [propext,
 Classical.choice,
 Quot.sound]
'SpectralPhysics.CompositionUniqueness.kasparov_three_conditions' depends on axioms: [propext,
 Classical.choice,
 Quot.sound]
'SpectralPhysics.CompositionUniqueness.additive_is_unique_among_three_named' depends on axioms: [propext,
 Classical.choice,
 Quot.sound,
 minkowski_left_cancel,
 minkowski_right_cancel]
'SpectralPhysics.CompositionUniqueness.three_conditions_force_trace_law' depends on axioms: [propext,
 Classical.choice,
 Quot.sound]
'SpectralPhysics.CompositionUniqueness.composition_unique_conditional_on_broader' depends on axioms: [propext,
 Classical.choice,
 Quot.sound]
